[
  {
    "label": "desktop",
    "width": 1536,
    "height": 1024,
    "uiSHA256": "de8b28a9c626a2653eed2e4fb208305e5e70bd6655a109795eeb7044cc3502d5",
    "errors": [],
    "homeGeometry": {
      "viewport": 1536,
      "scrollWidth": 1536,
      "nav": {
        "left": 0,
        "top": 92,
        "right": 278,
        "bottom": 1024,
        "width": 278,
        "height": 932,
        "direction": "column"
      },
      "contentLeft": 300,
      "bodyClass": "",
      "outside": [
        {
          "tag": "path",
          "id": "",
          "class": "SVG",
          "right": 1719.8760986328125,
          "left": 542.796875,
          "width": 1177.0792236328125
        },
        {
          "tag": "path",
          "id": "",
          "class": "SVG",
          "right": 1719.8760986328125,
          "left": 542.796875,
          "width": 1177.0792236328125
        }
      ]
    },
    "drawerReport": null,
    "navTest": [
      {
        "view": "home",
        "scrollWidth": 1536
      },
      {
        "view": "radio",
        "scrollWidth": 1536
      },
      {
        "view": "watch",
        "scrollWidth": 1536
      },
      {
        "view": "schedules",
        "scrollWidth": 1536
      },
      {
        "view": "network",
        "scrollWidth": 1536
      },
      {
        "view": "settings",
        "scrollWidth": 1536
      },
      {
        "view": "advanced",
        "scrollWidth": 1536
      },
      {
        "view": "about",
        "scrollWidth": 1536
      }
    ],
    "syncPostCount": 1
  }
]
