esptool v5.3.1
Image size: 1406544 bytes
Detected image type: ESP32

ESP32 Image Header
==================
Image version: 1
Entry point: 0x40081d94
Segments: 6
Flash size: 4MB
Flash freq: 40m
Flash mode: DIO

ESP32 Extended Image Header
===========================
WP pin: 0xee (disabled)
Flash pins drive settings: clk_drv: 0x0, q_drv: 0x0, d_drv: 0x0, cs0_drv: 0x0, hd_drv: 0x0, wp_drv: 0x0
Chip ID: 0 (ESP32)
Minimal chip revision: v0.0, (legacy min_rev = 0)
Maximal chip revision: v655.35

Segments Information
====================
Segment   Length   Load addr   File offs  Memory types
-------  -------  ----------  ----------  ------------
      0  0x3178c  0x3f400020  0x00000018  DROM
      1  0x06bf8  0x3ffbdb60  0x000317ac  BYTE_ACCESSIBLE, DRAM
      2  0x07c64  0x40080000  0x000383ac  IRAM
      3  0xffafc  0x400d0020  0x00040018  IROM
      4  0x17ad8  0x40087c64  0x0013fb1c  IRAM
      5  0x00020  0x50000200  0x001575fc  RTC_DATA

ESP32 Image Footer
==================
Checksum: 0x43 (valid)
Validation hash: 4ec2d1d89e93ec770765f0f89df6cc433ff93e50b8d1d2ad252b05bae299f59a (valid)

Application Information
=======================
Project name: arduino-lib-builder
App version: 6671d0b
Compile time: Sep 16 2026 21:15:45
ELF file SHA256: d7c3231853c526769add0fffdc648a6f2b8db44a72c53698e0ca356fe85f1295
ESP-IDF: v5.5.5
Minimal eFuse block revision: 0.0
Maximal eFuse block revision: 0.99
MMU page size: 64 KB
Secure version: 0
